V3 21
FL "//samba.engr.uvic.ca/home/kloftis/CENG 441/CORDICController/Controller.vhd" 2014/06/11.13:25:29 O.87xd
FL C:/Users/jdparry/Documents/441Final/441CORDIC/CORDICController/ALU.vhd 2014/06/21.12:39:27 O.87xd
EN work/ALU 1403379569 \
      FL C:/Users/jdparry/Documents/441Final/441CORDIC/CORDICController/ALU.vhd \
      PB ieee/std_logic_1164 1325952872 PB ieee/STD_LOGIC_UNSIGNED 1325952875 \
      PB ieee/NUMERIC_STD 1325952877
AR work/ALU/thetaProvided 1403379570 \
      FL C:/Users/jdparry/Documents/441Final/441CORDIC/CORDICController/ALU.vhd \
      EN work/ALU 1403379569
FL C:/Users/jdparry/Documents/441Final/441CORDIC/CORDICController/bin_mem.vhd 2014/06/21.12:13:13 O.87xd
EN work/BinMem 0 \
      FL C:/Users/jdparry/Documents/441Final/441CORDIC/CORDICController/bin_mem.vhd \
      PB ieee/std_logic_1164 1325952872 PB ieee/STD_LOGIC_UNSIGNED 1325952875
AR work/BinMem/Behavioral 0 \
      FL C:/Users/jdparry/Documents/441Final/441CORDIC/CORDICController/bin_mem.vhd \
      EN work/BinMem 0
FL C:/Users/jdparry/Documents/441Final/441CORDIC/CORDICController/Comparator.vhd 2014/06/21.14:45:19 O.87xd
EN work/Comparator 1403387123 \
      FL C:/Users/jdparry/Documents/441Final/441CORDIC/CORDICController/Comparator.vhd \
      PB ieee/std_logic_1164 1325952872
AR work/Comparator/Behavioral 1403387124 \
      FL C:/Users/jdparry/Documents/441Final/441CORDIC/CORDICController/Comparator.vhd \
      EN work/Comparator 1403387123
FL C:/Users/jdparry/Documents/441Final/441CORDIC/CORDICController/Controller.vhd 2014/06/21.15:02:23 O.87xd
EN work/Controller 1403388145 \
      FL C:/Users/jdparry/Documents/441Final/441CORDIC/CORDICController/Controller.vhd \
      PB ieee/std_logic_1164 1325952872 PB ieee/NUMERIC_STD 1325952877
AR work/Controller/Behavioral 1403388146 \
      FL C:/Users/jdparry/Documents/441Final/441CORDIC/CORDICController/Controller.vhd \
      EN work/Controller 1403388145
FL C:/Users/jdparry/Documents/441Final/441CORDIC/CORDICController/Register.vhd 2014/06/21.14:59:20 O.87xd
EN work/register_file 1403388170 \
      FL C:/Users/jdparry/Documents/441Final/441CORDIC/CORDICController/Register.vhd \
      PB ieee/std_logic_1164 1325952872
AR work/register_file/behavioural 1403388171 \
      FL C:/Users/jdparry/Documents/441Final/441CORDIC/CORDICController/Register.vhd \
      EN work/register_file 1403388170
FL C:/Users/jdparry/Documents/CORDICController/CORDICController/ALU.vhd 2014/06/19.13:21:44 O.87xd
AR work/ALU/Behavioral -1 \
      FL C:/Users/jdparry/Documents/CORDICController/CORDICController/ALU.vhd \
      EN work/ALU 1403379569
FL C:/Users/jdparry/Documents/CORDICController/CORDICController/bin_mem.vhd 2014/06/19.13:21:29 O.87xd
FL C:/Users/jdparry/Documents/CORDICController/CORDICController/Comparator.vhd 2014/06/19.11:57:14 O.87xd
FL C:/Users/jdparry/Documents/CORDICController/CORDICController/Register.vhd 2014/06/19.13:49:22 O.87xd
